=== RUN   TestFormatPrefixQuery
=== RUN   TestFormatPrefixQuery/string_vac├¡o
=== RUN   TestFormatPrefixQuery/una_palabra
=== RUN   TestFormatPrefixQuery/m├║ltiples_palabras_con_espacios_extra
=== RUN   TestFormatPrefixQuery/caracteres_especiales
--- PASS: TestFormatPrefixQuery (0.00s)
    --- PASS: TestFormatPrefixQuery/string_vac├¡o (0.00s)
    --- PASS: TestFormatPrefixQuery/una_palabra (0.00s)
    --- PASS: TestFormatPrefixQuery/m├║ltiples_palabras_con_espacios_extra (0.00s)
    --- PASS: TestFormatPrefixQuery/caracteres_especiales (0.00s)
=== RUN   TestCatalogService_ListProducts
--- PASS: TestCatalogService_ListProducts (0.00s)
=== RUN   TestCatalogHandler_ListProducts
=== RUN   TestCatalogHandler_ListProducts/Sin_par├ímetros_usa_defaults
=== RUN   TestCatalogHandler_ListProducts/Filtros_booleanos_y_params_expl├¡citos_correctos
=== RUN   TestCatalogHandler_ListProducts/Filtros_booleanos_inv├ílidos_no_explotan_(fallback_false)
=== RUN   TestCatalogHandler_ListProducts/B├║squeda_FTS_con_espacios_y_par├ímetros_FTS
--- FAIL: TestCatalogHandler_ListProducts (0.00s)
    --- PASS: TestCatalogHandler_ListProducts/Sin_par├ímetros_usa_defaults (0.00s)
    --- PASS: TestCatalogHandler_ListProducts/Filtros_booleanos_y_params_expl├¡citos_correctos (0.00s)
    --- PASS: TestCatalogHandler_ListProducts/Filtros_booleanos_inv├ílidos_no_explotan_(fallback_false) (0.00s)
    --- FAIL: TestCatalogHandler_ListProducts/B├║squeda_FTS_con_espacios_y_par├ímetros_FTS (0.00s)
panic: 
	
	mock: Unexpected Method Call
	-----------------------------
	
	ListProducts(context.backgroundCtx,int,int,string,string,bool,bool)
			0: context.backgroundCtx{emptyCtx:context.emptyCtx{}}
			1: 1
			2: 20
			3: ""
			4: ""
			5: false
			6: false
	
	The closest call I have is: 
	
	ListProducts(string,int,int,string,string,bool,bool)
			0: "mock.Anything"
			1: 1
			2: 20
			3: "lubrix chocolate"
			4: ""
			5: false
			6: false
	
	
	Diff: 0: PASS:  (context.backgroundCtx=context.Background) == (string=mock.Anything)
		1: PASS:  (int=1) == (int=1)
		2: PASS:  (int=20) == (int=20)
		3: FAIL:  (string=) != (string=lubrix chocolate)
		4: PASS:  (string=) == (string=)
		5: PASS:  (bool=false) == (bool=false)
		6: PASS:  (bool=false) == (bool=false)
	at: [C:/Users/Personal/Desktop/profit-ecommerce/internal/catalog/handler_test.go:22 C:/Users/Personal/Desktop/profit-ecommerce/internal/api/handlers/catalog_handler.go:90 C:/Users/Personal/Desktop/profit-ecommerce/internal/catalog/handler_test.go:104]
	 [recovered, repanicked]

goroutine 31 [running]:
testing.tRunner.func1.2({0x7ff6ede2a840, 0x3299dddcc1c0})
	C:/Program Files/Go/src/testing/testing.go:1974 +0x239
testing.tRunner.func1()
	C:/Program Files/Go/src/testing/testing.go:1977 +0x349
panic({0x7ff6ede2a840?, 0x3299dddcc1c0?})
	C:/Program Files/Go/src/runtime/panic.go:860 +0x13a
github.com/stretchr/testify/mock.(*Mock).fail(0x3299ddd6c910, {0x7ff6ede9b9bb?, 0x4?}, {0x3299ddd6c960?, 0x7?, 0x7?})
	C:/Users/Personal/go/pkg/mod/github.com/stretchr/testify@v1.11.1/mock/mock.go:359 +0x125
github.com/stretchr/testify/mock.(*Mock).MethodCalled(0x3299ddd6c910, {0x7ff6edee9862, 0xc}, {0x3299dddc6070, 0x7, 0x7})
	C:/Users/Personal/go/pkg/mod/github.com/stretchr/testify@v1.11.1/mock/mock.go:519 +0x5c7
github.com/stretchr/testify/mock.(*Mock).Called(0x3299ddd6c910, {0x3299dddc6070, 0x7, 0x7})
	C:/Users/Personal/go/pkg/mod/github.com/stretchr/testify@v1.11.1/mock/mock.go:491 +0x125
profit-ecommerce/internal/catalog_test.(*mockCatalogService).ListProducts(0x3299ddd6c910, {0x7ff6edea6f10, 0x7ff6ee11d280}, 0x1, 0x14, {0x0, 0x0}, {0x0, 0x0}, 0x0, ...)
	C:/Users/Personal/Desktop/profit-ecommerce/internal/catalog/handler_test.go:22 +0x225
profit-ecommerce/internal/api/handlers.(*CatalogHandler).List(0x3299ddda5f50, {0x7ff6edea6bb0, 0x3299ddd17480}, 0x3299ddd6f7c0)
	C:/Users/Personal/Desktop/profit-ecommerce/internal/api/handlers/catalog_handler.go:90 +0x278
profit-ecommerce/internal/catalog_test.TestCatalogHandler_ListProducts.func1(0x3299ddd7b800)
	C:/Users/Personal/Desktop/profit-ecommerce/internal/catalog/handler_test.go:104 +0x385
testing.tRunner(0x3299ddd7b800, 0x3299ddd56300)
	C:/Program Files/Go/src/testing/testing.go:2036 +0xc3
created by testing.(*T).Run in goroutine 27
	C:/Program Files/Go/src/testing/testing.go:2101 +0x4a9
FAIL	profit-ecommerce/internal/catalog	1.321s
FAIL
